/opt/homebrew/lib/python3.14/site-packages/requests/__init__.py:113: RequestsDependencyWarning: urllib3 (2.6.3) or chardet (7.1.0)/charset_normalizer (3.4.5) doesn't match a supported version!
  warnings.warn(
[2026-03-20 13:49:22.725321] 🛸 启动深核超高保真织布机，量产 151~200...
[2026-03-20 13:50:23.546304] 🧠 深入构建超高保真模块: 151 - [[topic]]
[2026-03-20 13:50:37.048321] ✅ hub-auto-151.html (High Fidelity) 落盘成功！
[2026-03-20 13:50:38.549660] 🧠 深入构建超高保真模块: 152 - [[topic]]
[2026-03-20 13:50:54.744682] ✅ hub-auto-152.html (High Fidelity) 落盘成功！
[2026-03-20 13:50:56.249811] 🧠 深入构建超高保真模块: 153 - [[topic]]
[2026-03-20 13:51:11.293870] ✅ hub-auto-153.html (High Fidelity) 落盘成功！
[2026-03-20 13:51:12.796658] 🧠 深入构建超高保真模块: 154 - [[topic]]
[2026-03-20 13:51:28.177023] ✅ hub-auto-154.html (High Fidelity) 落盘成功！
[2026-03-20 13:51:29.678943] 🧠 深入构建超高保真模块: 155 - [[topic]]
[2026-03-20 13:51:48.567541] ✅ hub-auto-155.html (High Fidelity) 落盘成功！
[2026-03-20 13:51:50.072658] 🧠 深入构建超高保真模块: 156 - [[topic]]
[2026-03-20 13:52:06.816765] ✅ hub-auto-156.html (High Fidelity) 落盘成功！
[2026-03-20 13:52:08.318626] 🧠 深入构建超高保真模块: 157 - [[topic]]
[2026-03-20 13:52:27.169158] ✅ hub-auto-157.html (High Fidelity) 落盘成功！
[2026-03-20 13:52:28.673148] 🧠 深入构建超高保真模块: 158 - [[topic]]
[2026-03-20 13:52:43.784725] ✅ hub-auto-158.html (High Fidelity) 落盘成功！
[2026-03-20 13:52:45.289864] 🧠 深入构建超高保真模块: 159 - [[topic]]
[2026-03-20 13:53:00.126498] ✅ hub-auto-159.html (High Fidelity) 落盘成功！
[2026-03-20 13:53:01.627655] 🧠 深入构建超高保真模块: 160 - [[topic]]
[2026-03-20 13:53:16.951588] ✅ hub-auto-160.html (High Fidelity) 落盘成功！
[2026-03-20 13:53:18.454388] 🧠 深入构建超高保真模块: 161 - [[topic]]
[2026-03-20 13:53:31.259368] ✅ hub-auto-161.html (High Fidelity) 落盘成功！
[2026-03-20 13:53:32.759872] 🧠 深入构建超高保真模块: 162 - [[topic]]
[2026-03-20 13:53:46.963219] ✅ hub-auto-162.html (High Fidelity) 落盘成功！
[2026-03-20 13:53:48.470336] 🧠 深入构建超高保真模块: 163 - [[topic]]
[2026-03-20 13:54:02.778203] ✅ hub-auto-163.html (High Fidelity) 落盘成功！
[2026-03-20 13:54:04.281274] 🧠 深入构建超高保真模块: 164 - [[topic]]
[2026-03-20 13:54:19.547099] ✅ hub-auto-164.html (High Fidelity) 落盘成功！
[2026-03-20 13:54:21.052354] 🧠 深入构建超高保真模块: 165 - [[topic]]
[2026-03-20 13:54:36.834133] ✅ hub-auto-165.html (High Fidelity) 落盘成功！
[2026-03-20 13:54:38.368476] 🧠 深入构建超高保真模块: 166 - [[topic]]
[2026-03-20 13:54:58.768955] ✅ hub-auto-166.html (High Fidelity) 落盘成功！
[2026-03-20 13:55:00.272981] 🧠 深入构建超高保真模块: 167 - [[topic]]
[2026-03-20 13:55:17.504924] ✅ hub-auto-167.html (High Fidelity) 落盘成功！
[2026-03-20 13:55:19.009767] 🧠 深入构建超高保真模块: 168 - [[topic]]
[2026-03-20 13:55:39.022887] ✅ hub-auto-168.html (High Fidelity) 落盘成功！
[2026-03-20 13:55:40.525225] 🧠 深入构建超高保真模块: 169 - [[topic]]
[2026-03-20 13:55:55.339638] ✅ hub-auto-169.html (High Fidelity) 落盘成功！
[2026-03-20 13:55:56.842103] 🧠 深入构建超高保真模块: 170 - [[topic]]
[2026-03-20 13:56:11.637801] ✅ hub-auto-170.html (High Fidelity) 落盘成功！
[2026-03-20 13:56:13.151070] 🧠 深入构建超高保真模块: 171 - [[topic]]
[2026-03-20 13:56:29.238356] ✅ hub-auto-171.html (High Fidelity) 落盘成功！
[2026-03-20 13:56:30.743617] 🧠 深入构建超高保真模块: 172 - [[topic]]
[2026-03-20 13:56:45.533277] ✅ hub-auto-172.html (High Fidelity) 落盘成功！
[2026-03-20 13:56:47.036481] 🧠 深入构建超高保真模块: 173 - [[topic]]
[2026-03-20 13:57:01.316277] ✅ hub-auto-173.html (High Fidelity) 落盘成功！
[2026-03-20 13:57:02.822385] 🧠 深入构建超高保真模块: 174 - [[topic]]
[2026-03-20 13:57:18.505083] ✅ hub-auto-174.html (High Fidelity) 落盘成功！
[2026-03-20 13:57:20.010393] 🧠 深入构建超高保真模块: 175 - [[topic]]
[2026-03-20 13:57:32.908337] ✅ hub-auto-175.html (High Fidelity) 落盘成功！
[2026-03-20 13:57:34.409594] 🧠 深入构建超高保真模块: 176 - [[topic]]
[2026-03-20 13:57:47.781148] ✅ hub-auto-176.html (High Fidelity) 落盘成功！
[2026-03-20 13:57:49.283924] 🧠 深入构建超高保真模块: 177 - [[topic]]
[2026-03-20 13:58:04.133485] ✅ hub-auto-177.html (High Fidelity) 落盘成功！
[2026-03-20 13:58:05.638612] 🧠 深入构建超高保真模块: 178 - [[topic]]
[2026-03-20 13:58:21.397651] ✅ hub-auto-178.html (High Fidelity) 落盘成功！
[2026-03-20 13:58:22.902763] 🧠 深入构建超高保真模块: 179 - [[topic]]
[2026-03-20 13:58:37.749858] ✅ hub-auto-179.html (High Fidelity) 落盘成功！
[2026-03-20 13:58:39.254185] 🧠 深入构建超高保真模块: 180 - [[topic]]
[2026-03-20 13:58:55.650399] ✅ hub-auto-180.html (High Fidelity) 落盘成功！
[2026-03-20 13:58:57.150599] 🧠 深入构建超高保真模块: 181 - [[topic]]
[2026-03-20 13:59:11.520530] ✅ hub-auto-181.html (High Fidelity) 落盘成功！
[2026-03-20 13:59:13.022491] 🧠 深入构建超高保真模块: 182 - [[topic]]
[2026-03-20 13:59:25.912388] ✅ hub-auto-182.html (High Fidelity) 落盘成功！
[2026-03-20 13:59:27.412615] 🧠 深入构建超高保真模块: 183 - [[topic]]
[2026-03-20 13:59:42.989515] ✅ hub-auto-183.html (High Fidelity) 落盘成功！
[2026-03-20 13:59:44.494620] 🧠 深入构建超高保真模块: 184 - [[topic]]
[2026-03-20 13:59:59.285812] ✅ hub-auto-184.html (High Fidelity) 落盘成功！
[2026-03-20 14:00:00.789173] 🧠 深入构建超高保真模块: 185 - [[topic]]
[2026-03-20 14:00:16.720992] ✅ hub-auto-185.html (High Fidelity) 落盘成功！
[2026-03-20 14:00:18.228137] 🧠 深入构建超高保真模块: 186 - [[topic]]
[2026-03-20 14:00:34.092491] ✅ hub-auto-186.html (High Fidelity) 落盘成功！
[2026-03-20 14:00:35.592828] 🧠 深入构建超高保真模块: 187 - [[topic]]
[2026-03-20 14:00:50.102641] ✅ hub-auto-187.html (High Fidelity) 落盘成功！
[2026-03-20 14:00:51.607024] 🧠 深入构建超高保真模块: 188 - [[topic]]
[2026-03-20 14:01:05.960758] ✅ hub-auto-188.html (High Fidelity) 落盘成功！
[2026-03-20 14:01:07.467259] 🧠 深入构建超高保真模块: 189 - [[topic]]
[2026-03-20 14:01:21.579885] ✅ hub-auto-189.html (High Fidelity) 落盘成功！
[2026-03-20 14:01:23.085552] 🧠 深入构建超高保真模块: 190 - [[topic]]
[2026-03-20 14:01:37.653973] ✅ hub-auto-190.html (High Fidelity) 落盘成功！
[2026-03-20 14:01:39.158026] 🧠 深入构建超高保真模块: 191 - [[topic]]
[2026-03-20 14:01:53.051537] ✅ hub-auto-191.html (High Fidelity) 落盘成功！
[2026-03-20 14:01:54.553699] 🧠 深入构建超高保真模块: 192 - [[topic]]
[2026-03-20 14:02:09.037999] ✅ hub-auto-192.html (High Fidelity) 落盘成功！
[2026-03-20 14:02:10.538857] 🧠 深入构建超高保真模块: 193 - [[topic]]
[2026-03-20 14:02:25.084383] ✅ hub-auto-193.html (High Fidelity) 落盘成功！
[2026-03-20 14:02:26.587317] 🧠 深入构建超高保真模块: 194 - [[topic]]
[2026-03-20 14:02:42.965787] ✅ hub-auto-194.html (High Fidelity) 落盘成功！
[2026-03-20 14:02:44.467199] 🧠 深入构建超高保真模块: 195 - [[topic]]
[2026-03-20 14:02:58.885777] ✅ hub-auto-195.html (High Fidelity) 落盘成功！
[2026-03-20 14:03:00.387729] 🧠 深入构建超高保真模块: 196 - [[topic]]
[2026-03-20 14:03:17.775037] ✅ hub-auto-196.html (High Fidelity) 落盘成功！
[2026-03-20 14:03:19.280217] 🧠 深入构建超高保真模块: 197 - [[topic]]
[2026-03-20 14:03:32.990505] ✅ hub-auto-197.html (High Fidelity) 落盘成功！
[2026-03-20 14:03:34.493107] 🧠 深入构建超高保真模块: 198 - [[topic]]
[2026-03-20 14:03:50.286803] ✅ hub-auto-198.html (High Fidelity) 落盘成功！
[2026-03-20 14:03:51.791975] 🧠 深入构建超高保真模块: 199 - [[topic]]
[2026-03-20 14:04:05.942740] ✅ hub-auto-199.html (High Fidelity) 落盘成功！
[2026-03-20 14:04:07.447674] 🧠 深入构建超高保真模块: 200 - [[topic]]
[2026-03-20 14:04:24.789099] ✅ hub-auto-200.html (High Fidelity) 落盘成功！
[2026-03-20 14:04:26.294402] 🎯 全系统注入完毕！151~200 部署上线。
